// Jest Snapshot v1, https://goo.gl/fbAQLP

exports[`TodoForm initial state form 1`] = `
<DocumentFragment>
  <div
    class="todo-form"
  >
    <div
      class="input-group mb-3"
    >
      <input
        aria-describedby="todo-input"
        aria-label="todo-input"
        class="form-control"
        data-testid="todo-input"
        placeholder="Your new todo..."
        type="text"
        value=""
      />
      <button
        class="btn btn-secondary"
        data-testid="button-add"
        disabled=""
        type="button"
      >
        Add
      </button>
    </div>
  </div>
</DocumentFragment>
`;
